2026-08-12 13:16:29,191 - INFO - Config file created: config.json
2026-08-12 13:17:57,945 - ERROR - MT5 initialization failed
2026-08-12 13:17:57,947 - ERROR - Fatal error: Failed to initialize MT5
2026-08-12 13:20:52,651 - INFO - Config file created: config.json
2026-08-12 13:22:11,173 - ERROR - MT5 initialization failed
2026-08-12 13:22:11,309 - ERROR - Fatal error: Failed to initialize MT5
2026-08-12 13:25:55,469 - INFO - Config file created: config.json
2026-08-12 13:27:05,188 - ERROR - MT5 initialization failed
2026-08-12 13:27:05,203 - ERROR - Fatal error: Failed to initialize MT5
2026-08-12 13:36:07,399 - INFO - Config file created: config.json
2026-08-12 13:36:07,477 - ERROR - Fatal error: name 'mt5_path' is not defined
2026-08-12 13:41:52,200 - INFO - Config file created: config.json
2026-08-12 13:41:52,459 - ERROR - MT5 initialization failed
2026-08-12 13:41:52,708 - ERROR - Please ensure MT5 is open and you are logged in
2026-08-12 13:41:52,867 - ERROR - Fatal error: Failed to initialize MT5
2026-08-13 01:54:19,092 - INFO - Config file created: config.json
2026-08-13 01:54:19,199 - INFO - Attempting to connect to MT5 at: C:\Program Files\JustMarkets MT5\terminal164.exe
2026-08-13 01:54:19,260 - ERROR - MT5 initialization failed
2026-08-13 01:54:19,270 - ERROR - Please ensure MT5 is open and you are logged in
2026-08-13 01:54:19,271 - ERROR - Fatal error: Failed to initialize MT5
2026-08-13 02:00:31,456 - INFO - Config file created: config.json
2026-08-13 02:00:31,525 - INFO - Attempting to connect to MT5 at: C:\Program Files\JustMarkets MetaTrader 5\terminal64.exe
2026-08-13 02:00:31,539 - INFO - MT5 initialized successfully
2026-08-13 02:00:31,549 - INFO - Account Balance: $0.23
2026-08-13 02:00:31,549 - INFO - Account Equity: $0.23
2026-08-13 02:00:31,557 - INFO - Starting trading session
2026-08-13 02:00:31,559 - ERROR - Failed to get data for XAUUSD H4
2026-08-13 02:00:31,585 - ERROR - Failed to get data for XAUUSD H1
2026-08-13 02:00:31,600 - ERROR - Failed to get data for XAUUSD M15
2026-08-13 02:00:31,601 - ERROR - Failed to get data for XAUUSD M5
2026-08-13 02:00:31,605 - WARNING - Insufficient data for XAUUSD
2026-08-13 02:00:31,606 - INFO - NO TRADE — NO TRADE — insufficient_data
2026-08-13 02:00:31,643 - ERROR - Failed to get data for EURUSD H4
2026-08-13 02:00:31,644 - ERROR - Failed to get data for EURUSD H1
2026-08-13 02:00:31,648 - ERROR - Failed to get data for EURUSD M15
2026-08-13 02:00:31,650 - ERROR - Failed to get data for EURUSD M5
2026-08-13 02:00:31,651 - WARNING - Insufficient data for EURUSD
2026-08-13 02:00:31,652 - INFO - NO TRADE — NO TRADE — insufficient_data
2026-08-13 02:00:31,652 - ERROR - Failed to get data for GBPUSD H4
2026-08-13 02:00:31,654 - ERROR - Failed to get data for GBPUSD H1
2026-08-13 02:00:31,655 - ERROR - Failed to get data for GBPUSD M15
2026-08-13 02:00:31,656 - ERROR - Failed to get data for GBPUSD M5
2026-08-13 02:00:31,657 - WARNING - Insufficient data for GBPUSD
2026-08-13 02:00:31,658 - INFO - NO TRADE — NO TRADE — insufficient_data
2026-08-13 02:00:31,658 - ERROR - Failed to get data for USDJPY H4
2026-08-13 02:00:31,659 - ERROR - Failed to get data for USDJPY H1
2026-08-13 02:00:31,660 - ERROR - Failed to get data for USDJPY M15
2026-08-13 02:00:31,661 - ERROR - Failed to get data for USDJPY M5
2026-08-13 02:00:31,666 - WARNING - Insufficient data for USDJPY
2026-08-13 02:00:31,667 - INFO - NO TRADE — NO TRADE — insufficient_data
2026-08-13 02:00:31,674 - ERROR - Failed to get data for AUDUSD H4
2026-08-13 02:00:31,687 - ERROR - Failed to get data for AUDUSD H1
2026-08-13 02:00:31,708 - ERROR - Failed to get data for AUDUSD M15
2026-08-13 02:00:31,709 - ERROR - Failed to get data for AUDUSD M5
2026-08-13 02:00:31,710 - WARNING - Insufficient data for AUDUSD
2026-08-13 02:00:31,726 - INFO - NO TRADE — NO TRADE — insufficient_data
2026-08-13 02:00:31,727 - ERROR - Failed to get data for USDCAD H4
2026-08-13 02:00:31,742 - ERROR - Failed to get data for USDCAD H1
2026-08-13 02:00:31,768 - ERROR - Failed to get data for USDCAD M15
2026-08-13 02:00:31,784 - ERROR - Failed to get data for USDCAD M5
2026-08-13 02:00:31,794 - WARNING - Insufficient data for USDCAD
2026-08-13 02:00:31,800 - INFO - NO TRADE — NO TRADE — insufficient_data
2026-08-13 02:00:31,804 - ERROR - Failed to get data for NZDUSD H4
2026-08-13 02:00:31,817 - ERROR - Failed to get data for NZDUSD H1
2026-08-13 02:00:31,819 - ERROR - Failed to get data for NZDUSD M15
2026-08-13 02:00:31,822 - ERROR - Failed to get data for NZDUSD M5
2026-08-13 02:00:31,835 - WARNING - Insufficient data for NZDUSD
2026-08-13 02:00:31,836 - INFO - NO TRADE — NO TRADE — insufficient_data
2026-08-13 02:00:31,837 - ERROR - Failed to get data for US30 H4
2026-08-13 02:00:31,839 - ERROR - Failed to get data for US30 H1
2026-08-13 02:00:31,844 - ERROR - Failed to get data for US30 M15
2026-08-13 02:00:31,852 - ERROR - Failed to get data for US30 M5
2026-08-13 02:00:31,856 - WARNING - Insufficient data for US30
2026-08-13 02:00:31,856 - INFO - NO TRADE — NO TRADE — insufficient_data
2026-08-13 02:00:31,866 - ERROR - Failed to get data for DE40 H4
2026-08-13 02:00:31,870 - ERROR - Failed to get data for DE40 H1
2026-08-13 02:00:31,875 - ERROR - Failed to get data for DE40 M15
2026-08-13 02:00:31,877 - ERROR - Failed to get data for DE40 M5
2026-08-13 02:00:31,882 - WARNING - Insufficient data for DE40
2026-08-13 02:00:31,883 - INFO - NO TRADE — NO TRADE — insufficient_data
2026-08-13 02:00:31,883 - ERROR - Failed to get data for UK100 H4
2026-08-13 02:00:31,885 - ERROR - Failed to get data for UK100 H1
2026-08-13 02:00:31,887 - ERROR - Failed to get data for UK100 M15
2026-08-13 02:00:31,890 - ERROR - Failed to get data for UK100 M5
2026-08-13 02:00:31,894 - WARNING - Insufficient data for UK100
2026-08-13 02:00:31,894 - INFO - NO TRADE — NO TRADE — insufficient_data
2026-08-13 02:05:31,918 - ERROR - Failed to get data for XAUUSD H4
2026-08-13 02:05:31,924 - ERROR - Failed to get data for XAUUSD H1
2026-08-13 02:05:31,927 - ERROR - Failed to get data for XAUUSD M15
2026-08-13 02:05:31,932 - ERROR - Failed to get data for XAUUSD M5
2026-08-13 02:05:31,939 - WARNING - Insufficient data for XAUUSD
2026-08-13 02:05:31,942 - INFO - NO TRADE — NO TRADE — insufficient_data
2026-08-13 02:05:31,946 - ERROR - Failed to get data for EURUSD H4
2026-08-13 02:05:31,950 - ERROR - Failed to get data for EURUSD H1
2026-08-13 02:05:31,956 - ERROR - Failed to get data for EURUSD M15
2026-08-13 02:05:31,960 - ERROR - Failed to get data for EURUSD M5
2026-08-13 02:05:31,962 - WARNING - Insufficient data for EURUSD
2026-08-13 02:05:31,963 - INFO - NO TRADE — NO TRADE — insufficient_data
2026-08-13 02:05:31,966 - ERROR - Failed to get data for GBPUSD H4
2026-08-13 02:05:31,968 - ERROR - Failed to get data for GBPUSD H1
2026-08-13 02:05:31,972 - ERROR - Failed to get data for GBPUSD M15
2026-08-13 02:05:31,974 - ERROR - Failed to get data for GBPUSD M5
2026-08-13 02:05:31,981 - WARNING - Insufficient data for GBPUSD
2026-08-13 02:05:31,982 - INFO - NO TRADE — NO TRADE — insufficient_data
2026-08-13 02:05:31,988 - ERROR - Failed to get data for USDJPY H4
2026-08-13 02:05:31,990 - ERROR - Failed to get data for USDJPY H1
2026-08-13 02:05:31,992 - ERROR - Failed to get data for USDJPY M15
2026-08-13 02:05:31,996 - ERROR - Failed to get data for USDJPY M5
2026-08-13 02:05:32,000 - WARNING - Insufficient data for USDJPY
2026-08-13 02:05:32,006 - INFO - NO TRADE — NO TRADE — insufficient_data
2026-08-13 02:05:32,007 - ERROR - Failed to get data for AUDUSD H4
2026-08-13 02:05:32,010 - ERROR - Failed to get data for AUDUSD H1
2026-08-13 02:05:32,015 - ERROR - Failed to get data for AUDUSD M15
2026-08-13 02:05:32,016 - ERROR - Failed to get data for AUDUSD M5
2026-08-13 02:05:32,017 - WARNING - Insufficient data for AUDUSD
2026-08-13 02:05:32,018 - INFO - NO TRADE — NO TRADE — insufficient_data
2026-08-13 02:05:32,024 - ERROR - Failed to get data for USDCAD H4
2026-08-13 02:05:32,025 - ERROR - Failed to get data for USDCAD H1
2026-08-13 02:05:32,034 - ERROR - Failed to get data for USDCAD M15
2026-08-13 02:05:32,042 - ERROR - Failed to get data for USDCAD M5
2026-08-13 02:05:32,046 - WARNING - Insufficient data for USDCAD
2026-08-13 02:05:32,046 - INFO - NO TRADE — NO TRADE — insufficient_data
2026-08-13 02:05:32,047 - ERROR - Failed to get data for NZDUSD H4
2026-08-13 02:05:32,048 - ERROR - Failed to get data for NZDUSD H1
2026-08-13 02:05:32,049 - ERROR - Failed to get data for NZDUSD M15
2026-08-13 02:05:32,050 - ERROR - Failed to get data for NZDUSD M5
2026-08-13 02:05:32,054 - WARNING - Insufficient data for NZDUSD
2026-08-13 02:05:32,054 - INFO - NO TRADE — NO TRADE — insufficient_data
2026-08-13 02:05:32,056 - ERROR - Failed to get data for US30 H4
2026-08-13 02:05:32,057 - ERROR - Failed to get data for US30 H1
2026-08-13 02:05:32,059 - ERROR - Failed to get data for US30 M15
2026-08-13 02:05:32,060 - ERROR - Failed to get data for US30 M5
2026-08-13 02:05:32,061 - WARNING - Insufficient data for US30
2026-08-13 02:05:32,062 - INFO - NO TRADE — NO TRADE — insufficient_data
2026-08-13 02:05:32,063 - ERROR - Failed to get data for DE40 H4
2026-08-13 02:05:32,063 - ERROR - Failed to get data for DE40 H1
2026-08-13 02:05:32,064 - ERROR - Failed to get data for DE40 M15
2026-08-13 02:05:32,066 - ERROR - Failed to get data for DE40 M5
2026-08-13 02:05:32,067 - WARNING - Insufficient data for DE40
2026-08-13 02:05:32,067 - INFO - NO TRADE — NO TRADE — insufficient_data
2026-08-13 02:05:32,068 - ERROR - Failed to get data for UK100 H4
2026-08-13 02:05:32,071 - ERROR - Failed to get data for UK100 H1
2026-08-13 02:05:32,073 - ERROR - Failed to get data for UK100 M15
2026-08-13 02:05:32,077 - ERROR - Failed to get data for UK100 M5
2026-08-13 02:05:32,078 - WARNING - Insufficient data for UK100
2026-08-13 02:05:32,081 - INFO - NO TRADE — NO TRADE — insufficient_data
